%!Adobe-FontList 1.22
%Locale:0xc0a

%BeginFont
Handler:DirectoryHandler
FontType:TrueType
FontName:Antonio-Bold
FamilyName:Antonio
StyleName:Bold
FullName:Antonio Bold
MenuName:Antonio
StyleBits:2
WritingScript:Roman
OutlineFileName:D:\2021-01\talks\08 - Clean Code - Dmente\Font\Antonio-Bold.ttf
DataFormat:sfntData
hasSVG:no
VariableFontType:NonVariableFont
FileLength:48508
FileModTime:1578151376
WeightClass:700
WidthClass:1
AngleClass:0
NameArray:0,Mac,4,Antonio Bold
NameArray:0,Win,1,Antonio
NameArray:0,Win,16,Antonio
%EndFont

%BeginFont
Handler:DirectoryHandler
FontType:TrueType
FontName:Antonio-Light
FamilyName:Antonio
StyleName:Light
FullName:Antonio Light
MenuName:Antonio
StyleBits:0
WritingScript:Roman
OutlineFileName:D:\2021-01\talks\08 - Clean Code - Dmente\Font\Antonio-Light.ttf
DataFormat:sfntData
hasSVG:no
VariableFontType:NonVariableFont
FileLength:46564
FileModTime:1578151376
WeightClass:300
WidthClass:1
AngleClass:0
NameArray:0,Mac,4,Antonio Light
NameArray:0,Win,1,Antonio
NameArray:0,Win,16,Antonio
%EndFont

%BeginFont
Handler:DirectoryHandler
FontType:TrueType
FontName:Antonio-Regular
FamilyName:Antonio
StyleName:Regular
FullName:Antonio Regular
MenuName:Antonio
StyleBits:0
WritingScript:Roman
OutlineFileName:D:\2021-01\talks\08 - Clean Code - Dmente\Font\Antonio-Regular.ttf
DataFormat:sfntData
hasSVG:no
VariableFontType:NonVariableFont
FileLength:47944
FileModTime:1578151376
WeightClass:400
WidthClass:1
AngleClass:0
NameArray:0,Mac,4,Antonio Regular
NameArray:0,Win,1,Antonio
NameArray:0,Win,16,Antonio
%EndFont

